{
    "status": "OK",
    "copyright": "Copyright (c) 2025 The New York Times Company.  All Rights Reserved.",
    "count": 0,
    "items": []
}
